#-----------------------------------------------------------
# Vivado v2025.1 (64-bit)
# SW Build 6140274 on Thu May 22 00:12:29 MDT 2025
# IP Build 6138677 on Thu May 22 03:10:11 MDT 2025
# SharedData Build 6139179 on Tue May 20 17:58:58 MDT 2025
# Start of session at: Wed Dec  3 19:20:17 2025
# Process ID         : 14692
# Current directory  : C:/Users/kccit/ALU_basys3_clean/ALU_basys3_clean.runs/impl_1
# Command line       : vivado.exe -log top_ALU_basys3.vdi -applog -product Vivado -messageDb vivado.pb -mode batch -source top_ALU_basys3.tcl -notrace
# Log file           : C:/Users/kccit/ALU_basys3_clean/ALU_basys3_clean.runs/impl_1/top_ALU_basys3.vdi
# Journal file       : C:/Users/kccit/ALU_basys3_clean/ALU_basys3_clean.runs/impl_1\vivado.jou
# Running On         : PC19
# Platform           : Windows Server 2016 or Windows 10
# Operating System   : 26200
# Processor Detail   : 11th Gen Intel(R) Core(TM) i7-11700K @ 3.60GHz
# CPU Frequency      : 3600 MHz
# CPU Physical cores : 8
# CPU Logical cores  : 16
# Host memory        : 34185 MB
# Swap memory        : 2147 MB
# Total Virtual      : 36332 MB
# Available Virtual  : 12525 MB
#-----------------------------------------------------------
source top_ALU_basys3.tcl -notrace
